2026-05-07 20:53:39 - INFO - Сервер запускается . . .
2026-05-07 20:53:39 - INFO - Загружено 2 героев из heroes_data.json
2026-05-07 20:54:34 - INFO - GET /docs - начат
2026-05-07 20:54:34 - INFO - GET /docs - завершен за 0.0027 сек.
2026-05-07 20:54:35 - INFO - GET /openapi.json - начат
2026-05-07 20:54:35 - INFO - GET /openapi.json - завершен за 0.0138 сек.
2026-05-07 20:54:46 - INFO - POST /hero/create - начат
2026-05-07 20:54:46 - INFO - Сохраняем героев...
2026-05-07 20:54:46 - INFO - Сохранено 3 героев.
2026-05-07 20:54:46 - INFO - POST /hero/create - завершен за 0.0046 сек.
2026-05-07 20:55:07 - INFO - POST /battle/start - начат
2026-05-07 20:55:07 - INFO - POST /battle/start - завершен за 0.0021 сек.
2026-05-07 20:55:43 - INFO - Сервер выключается . . .
2026-05-07 20:55:43 - INFO - Сохраняем героев...
2026-05-07 20:55:43 - INFO - Сохранено 3 героев.
2026-05-07 20:56:29 - INFO - Сервер запускается . . .
2026-05-07 20:56:29 - INFO - Загружено 3 героев из heroes_data.json
2026-05-07 20:56:48 - INFO - POST /battle/action - начат
2026-05-07 20:56:48 - ERROR - Попытка выполнить действие вне поле битвы
2026-05-07 20:56:48 - INFO - POST /battle/action - завершен за 0.0092 сек.
2026-05-07 20:56:58 - INFO - POST /battle/start - начат
2026-05-07 20:56:58 - INFO - POST /battle/start - завершен за 0.0032 сек.
2026-05-07 20:57:08 - INFO - POST /battle/action - начат
2026-05-07 20:57:08 - INFO - POST /battle/action - завершен за 0.0062 сек.
2026-05-07 20:57:17 - INFO - POST /battle/action - начат
2026-05-07 20:57:17 - INFO - Сохраняем героев...
2026-05-07 20:57:17 - INFO - Сохранено 3 героев.
2026-05-07 20:57:17 - INFO - POST /battle/action - завершен за 0.0027 сек.
2026-05-07 20:57:35 - INFO - POST /battle/start - начат
2026-05-07 20:57:35 - INFO - POST /battle/start - завершен за 0.0054 сек.
2026-05-07 20:57:40 - INFO - POST /battle/action - начат
2026-05-07 20:57:40 - INFO - POST /battle/action - завершен за 0.0025 сек.
2026-05-07 20:57:43 - INFO - POST /battle/action - начат
2026-05-07 20:57:43 - INFO - Сохраняем героев...
2026-05-07 20:57:43 - INFO - Сохранено 3 героев.
2026-05-07 20:57:43 - INFO - POST /battle/action - завершен за 0.0026 сек.
2026-05-07 21:25:21 - INFO - Сервер выключается . . .
2026-05-07 21:25:21 - INFO - Сохраняем героев...
2026-05-07 21:25:21 - INFO - Сохранено 3 героев.
2026-05-07 21:25:26 - INFO - Сервер запускается . . .
2026-05-07 21:25:26 - INFO - Загружено 3 героев из heroes_data.json
2026-05-07 21:25:31 - INFO - Сервер выключается . . .
2026-05-07 21:25:31 - INFO - Сохраняем героев...
2026-05-07 21:25:31 - INFO - Сохранено 3 героев.
2026-05-07 21:27:03 - INFO - Сервер запускается . . .
2026-05-07 21:27:03 - INFO - Загружено 3 героев из heroes_data.json
2026-05-07 21:27:07 - INFO - Сервер выключается . . .
2026-05-07 21:27:07 - INFO - Сохраняем героев...
2026-05-07 21:27:07 - INFO - Сохранено 3 героев.
2026-05-07 21:27:16 - INFO - Сервер запускается . . .
2026-05-07 21:27:16 - INFO - Загружено 3 героев из heroes_data.json
2026-05-07 21:27:33 - INFO - Сервер выключается . . .
2026-05-07 21:27:33 - INFO - Сохраняем героев...
2026-05-07 21:27:33 - INFO - Сохранено 3 героев.
2026-05-07 21:27:33 - INFO - Сервер запускается . . .
2026-05-07 21:27:33 - INFO - Загружено 3 героев из heroes_data.json
2026-05-07 21:28:12 - INFO - Сервер выключается . . .
2026-05-07 21:28:12 - INFO - Сохраняем героев...
2026-05-07 21:28:12 - INFO - Сохранено 3 героев.
2026-05-09 17:33:08 - INFO - Сервер запускается . . .
2026-05-09 17:33:13 - INFO - GET /docs - начат
2026-05-09 17:33:13 - INFO - GET /docs - завершен за 0.0010 сек.
2026-05-09 17:33:14 - INFO - GET /openapi.json - начат
2026-05-09 17:33:14 - INFO - GET /openapi.json - завершен за 0.0148 сек.
2026-05-09 17:33:26 - INFO - POST /hero/create - начат
2026-05-09 17:35:39 - INFO - Сервер выключается . . .
2026-05-09 17:36:10 - INFO - Сервер запускается . . .
2026-05-09 17:36:16 - INFO - GET /docs - начат
2026-05-09 17:36:16 - INFO - GET /docs - завершен за 0.0007 сек.
2026-05-09 17:36:16 - INFO - GET /openapi.json - начат
2026-05-09 17:36:16 - INFO - GET /openapi.json - завершен за 0.0098 сек.
2026-05-09 17:36:26 - INFO - POST /hero/create - начат
2026-05-09 17:37:18 - INFO - Сервер выключается . . .
2026-05-09 17:37:19 - INFO - Сервер запускается . . .
2026-05-09 17:42:35 - INFO - Сервер выключается . . .
2026-05-09 17:42:54 - INFO - Сервер запускается . . .
2026-05-09 17:43:00 - INFO - GET /docs - начат
2026-05-09 17:43:00 - INFO - GET /docs - завершен за 0.0016 сек.
2026-05-09 17:43:00 - INFO - GET /openapi.json - начат
2026-05-09 17:43:00 - INFO - GET /openapi.json - завершен за 0.0097 сек.
2026-05-09 17:43:06 - INFO - POST /hero/create - начат
2026-05-09 17:43:06 - INFO - POST /hero/create - завершен за 0.0726 сек.
2026-05-09 17:44:08 - INFO - POST /hero/create - начат
2026-05-09 17:44:08 - ERROR - Попытка создать существующего героя: player
2026-05-09 17:44:08 - INFO - POST /hero/create - завершен за 0.0040 сек.
2026-05-09 17:44:13 - INFO - POST /hero/create - начат
2026-05-09 17:44:13 - INFO - POST /hero/create - завершен за 0.0039 сек.
2026-05-09 17:44:14 - INFO - POST /hero/create - начат
2026-05-09 17:44:14 - INFO - POST /hero/create - завершен за 0.0041 сек.
2026-05-09 17:44:16 - INFO - POST /hero/create - начат
2026-05-09 17:44:16 - INFO - POST /hero/create - завершен за 0.0042 сек.
2026-05-09 17:44:19 - INFO - POST /hero/create - начат
2026-05-09 17:44:19 - INFO - POST /hero/create - завершен за 0.0036 сек.
2026-05-09 17:44:23 - INFO - POST /hero/create - начат
2026-05-09 17:44:23 - INFO - POST /hero/create - завершен за 0.0051 сек.
2026-05-09 17:46:40 - INFO - POST /battle/start - начат
2026-05-09 17:46:40 - INFO - POST /battle/start - завершен за 0.0033 сек.
2026-05-09 17:47:01 - INFO - POST /battle/action - начат
2026-05-09 17:47:01 - INFO - POST /battle/action - завершен за 0.0066 сек.
2026-05-09 17:47:34 - INFO - POST /battle/action - начат
2026-05-09 17:47:34 - INFO - POST /battle/action - завершен за 0.0341 сек.
2026-05-09 17:48:47 - INFO - Сервер выключается . . .
2026-05-10 21:35:50 - INFO - Сервер запускается . . .
2026-05-10 21:35:54 - INFO - GET /docs - начат
2026-05-10 21:35:54 - INFO - GET /docs - завершен за 0.0007 сек.
2026-05-10 21:35:55 - INFO - GET /openapi.json - начат
2026-05-10 21:35:55 - INFO - GET /openapi.json - завершен за 0.0301 сек.
2026-05-10 21:36:38 - INFO - POST /auth/register - начат
2026-05-10 21:36:38 - WARNING - (trapped) error reading bcrypt version
Traceback (most recent call last):
  File "C:\Python312\Lib\site-packages\passlib\handlers\bcrypt.py", line 620, in _load_backend_mixin
    version = _bcrypt.__about__.__version__
              ^^^^^^^^^^^^^^^^^
AttributeError: module 'bcrypt' has no attribute '__about__'
2026-05-10 21:37:51 - INFO - POST /auth/register - начат
2026-05-10 21:37:51 - WARNING - (trapped) error reading bcrypt version
Traceback (most recent call last):
  File "C:\Python312\Lib\site-packages\passlib\handlers\bcrypt.py", line 620, in _load_backend_mixin
    version = _bcrypt.__about__.__version__
              ^^^^^^^^^^^^^^^^^
AttributeError: module 'bcrypt' has no attribute '__about__'
2026-05-10 21:39:08 - INFO - Сервер выключается . . .
2026-05-10 21:39:12 - INFO - Сервер запускается . . .
2026-05-10 21:39:16 - INFO - GET /docs - начат
2026-05-10 21:39:16 - INFO - GET /docs - завершен за 0.0007 сек.
2026-05-10 21:39:16 - INFO - GET /openapi.json - начат
2026-05-10 21:39:16 - INFO - GET /openapi.json - завершен за 0.0157 сек.
2026-05-10 21:39:25 - INFO - POST /auth/register - начат
2026-05-10 21:39:25 - INFO - POST /auth/register - завершен за 0.4434 сек.
2026-05-10 21:40:21 - INFO - POST /auth/login - начат
2026-05-10 21:40:21 - INFO - POST /auth/login - завершен за 0.2309 сек.
2026-05-10 21:41:11 - INFO - POST /auth/login - начат
2026-05-10 21:41:11 - INFO - POST /auth/login - завершен за 0.0042 сек.
2026-05-10 21:41:52 - INFO - POST /auth/login - начат
2026-05-10 21:41:52 - INFO - POST /auth/login - завершен за 0.0016 сек.
2026-05-10 21:42:01 - INFO - POST /auth/login - начат
2026-05-10 21:42:01 - INFO - POST /auth/login - завершен за 0.0019 сек.
2026-05-10 21:44:30 - INFO - POST /auth/login - начат
2026-05-10 21:44:30 - INFO - POST /auth/login - завершен за 0.0016 сек.
2026-05-10 21:46:01 - INFO - POST /auth/login - начат
2026-05-10 21:46:01 - INFO - POST /auth/login - завершен за 0.0016 сек.
2026-05-10 21:46:05 - INFO - POST /auth/login - начат
2026-05-10 21:46:05 - INFO - POST /auth/login - завершен за 0.0018 сек.
2026-05-10 21:46:21 - INFO - POST /hero/create - начат
2026-05-10 21:46:21 - INFO - POST /hero/create - завершен за 0.0023 сек.
2026-05-10 21:50:12 - INFO - Сервер выключается . . .
2026-05-10 21:50:13 - INFO - Сервер запускается . . .
2026-05-10 21:50:17 - INFO - Сервер выключается . . .
2026-05-10 21:50:18 - INFO - Сервер запускается . . .
2026-05-10 21:50:21 - INFO - Сервер выключается . . .
2026-05-10 21:50:21 - INFO - Сервер запускается . . .
2026-05-10 21:50:26 - INFO - Сервер выключается . . .
2026-05-10 21:50:27 - INFO - Сервер запускается . . .
2026-05-10 21:50:34 - INFO - Сервер выключается . . .
2026-05-10 21:50:35 - INFO - Сервер запускается . . .
2026-05-10 21:50:39 - INFO - Сервер выключается . . .
2026-05-10 21:50:40 - INFO - Сервер запускается . . .
2026-05-10 21:50:45 - INFO - Сервер выключается . . .
2026-05-10 21:51:55 - ERROR - Form data requires "python-multipart" to be installed. 
You can install "python-multipart" with: 

pip install python-multipart

2026-05-10 21:52:53 - INFO - Сервер запускается . . .
2026-05-10 21:53:00 - INFO - GET / - начат
2026-05-10 21:53:00 - INFO - GET / - завершен за 0.0007 сек.
2026-05-10 21:53:00 - INFO - GET /favicon.ico - начат
2026-05-10 21:53:00 - INFO - GET /favicon.ico - завершен за 0.0006 сек.
2026-05-10 21:53:02 - INFO - GET /docs - начат
2026-05-10 21:53:02 - INFO - GET /docs - завершен за 0.0010 сек.
2026-05-10 21:53:03 - INFO - GET /openapi.json - начат
2026-05-10 21:53:03 - INFO - GET /openapi.json - завершен за 0.0225 сек.
2026-05-10 21:53:13 - INFO - POST /auth/login - начат
2026-05-10 21:53:13 - INFO - POST /auth/login - завершен за 0.3772 сек.
2026-05-10 21:53:32 - INFO - POST /auth/login - начат
2026-05-10 21:53:32 - INFO - POST /auth/login - завершен за 0.0024 сек.
2026-05-10 21:53:42 - INFO - POST /auth/login - начат
2026-05-10 21:53:42 - INFO - POST /auth/login - завершен за 0.0025 сек.
2026-05-10 21:53:48 - INFO - POST /auth/login - начат
2026-05-10 21:53:48 - INFO - POST /auth/login - завершен за 0.0017 сек.
2026-05-10 21:53:55 - INFO - POST /auth/login - начат
2026-05-10 21:53:55 - INFO - POST /auth/login - завершен за 0.0015 сек.
2026-05-10 21:55:01 - INFO - Сервер выключается . . .
2026-05-10 21:55:02 - INFO - Сервер запускается . . .
2026-05-10 21:55:10 - INFO - GET /docs - начат
2026-05-10 21:55:10 - INFO - GET /docs - завершен за 0.0006 сек.
2026-05-10 21:55:10 - INFO - GET /openapi.json - начат
2026-05-10 21:55:10 - INFO - GET /openapi.json - завершен за 0.0194 сек.
2026-05-10 21:55:50 - INFO - POST /auth/login2 - начат
2026-05-10 21:55:50 - INFO - POST /auth/login2 - завершен за 0.4352 сек.
2026-05-10 21:56:14 - INFO - POST /auth/login2 - начат
2026-05-10 21:56:14 - INFO - POST /auth/login2 - завершен за 0.0048 сек.
2026-05-10 21:56:19 - INFO - POST /auth/login2 - начат
2026-05-10 21:56:19 - INFO - POST /auth/login2 - завершен за 0.2304 сек.
2026-05-10 21:56:51 - INFO - POST /hero/create - начат
2026-05-10 21:56:51 - INFO - Пользователь owner создал героя owner
2026-05-10 21:56:51 - INFO - POST /hero/create - завершен за 0.0501 сек.
2026-05-14 21:10:22 - INFO - Сервер запускается . . .
2026-05-14 21:10:29 - INFO - GET /docs - начат
2026-05-14 21:10:29 - INFO - GET /docs - завершен за 0.0007 сек.
2026-05-14 21:10:30 - INFO - GET /openapi.json - начат
2026-05-14 21:10:30 - INFO - GET /openapi.json - завершен за 0.0231 сек.
2026-05-14 21:13:30 - INFO - GET /favicon.ico - начат
2026-05-14 21:13:30 - INFO - GET /favicon.ico - завершен за 0.0006 сек.
2026-05-14 21:15:15 - INFO - GET /ws/echo - начат
2026-05-14 21:15:15 - INFO - GET /ws/echo - завершен за 0.0006 сек.
2026-05-14 21:15:58 - INFO - Сервер выключается . . .
2026-05-14 21:15:59 - INFO - Сервер запускается . . .
2026-05-14 21:16:07 - INFO - Сервер выключается . . .
2026-05-14 21:16:17 - INFO - Сервер запускается . . .
2026-05-14 21:16:29 - INFO - GET /openapi.json - начат
2026-05-14 21:16:29 - INFO - GET /openapi.json - завершен за 0.0184 сек.
2026-05-14 21:17:18 - INFO - Сервер выключается . . .
2026-05-14 21:17:39 - INFO - Сервер запускается . . .
2026-05-14 21:17:50 - INFO - GET /docs - начат
2026-05-14 21:17:50 - INFO - GET /docs - завершен за 0.0007 сек.
2026-05-14 21:17:50 - INFO - GET /openapi.json - начат
2026-05-14 21:17:50 - INFO - GET /openapi.json - завершен за 0.0187 сек.
2026-05-14 21:18:30 - INFO - WebSocket соединение установлено
2026-05-14 21:18:30 - INFO - Получено сообщение Привет, сервер!
2026-05-14 21:19:25 - INFO - WebSocket соединение установлено
2026-05-14 21:19:25 - INFO - Получено сообщение Привет, сервер!
2026-05-14 21:19:26 - INFO - WebSocket соединение установлено
2026-05-14 21:19:26 - INFO - Получено сообщение Привет, сервер!
2026-05-14 21:19:27 - INFO - WebSocket соединение установлено
2026-05-14 21:19:27 - INFO - Получено сообщение Привет, сервер!
2026-05-14 21:19:28 - INFO - WebSocket соединение установлено
2026-05-14 21:19:28 - INFO - Получено сообщение Привет, сервер!
2026-05-14 21:50:20 - INFO - Соединение WebSocket закрыто.
2026-05-14 21:50:20 - INFO - Соединение WebSocket закрыто.
2026-05-14 21:50:20 - INFO - Соединение WebSocket закрыто.
2026-05-14 21:50:20 - INFO - Соединение WebSocket закрыто.
2026-05-14 21:50:20 - INFO - Соединение WebSocket закрыто.
2026-05-14 21:50:20 - INFO - Сервер выключается . . .
2026-05-14 21:51:22 - INFO - Сервер запускается . . .
2026-05-14 21:51:24 - INFO - Сервер выключается . . .
2026-05-14 21:51:25 - INFO - Сервер запускается . . .
2026-05-14 21:51:33 - INFO - Сервер выключается . . .
2026-05-14 21:51:34 - INFO - Сервер запускается . . .
2026-05-14 21:51:41 - INFO - Сервер выключается . . .
2026-05-14 21:51:42 - INFO - Сервер запускается . . .
2026-05-14 21:51:54 - INFO - Сервер выключается . . .
2026-05-14 21:51:55 - INFO - Сервер запускается . . .
2026-05-14 21:51:58 - INFO - Сервер выключается . . .
2026-05-14 21:51:59 - INFO - Сервер запускается . . .
2026-05-14 21:52:00 - INFO - Сервер выключается . . .
2026-05-14 21:52:01 - INFO - Сервер запускается . . .
2026-05-14 21:52:04 - INFO - Сервер выключается . . .
2026-05-14 21:52:05 - INFO - Сервер запускается . . .
2026-05-14 21:52:15 - INFO - Сервер выключается . . .
2026-05-14 21:52:16 - INFO - Сервер запускается . . .
2026-05-14 21:52:18 - INFO - Сервер выключается . . .
2026-05-14 21:52:19 - INFO - Сервер запускается . . .
2026-05-14 21:52:21 - INFO - Сервер выключается . . .
2026-05-14 21:52:22 - INFO - Сервер запускается . . .
2026-05-14 21:52:25 - INFO - Сервер выключается . . .
2026-05-14 21:52:26 - INFO - Сервер запускается . . .
2026-05-14 21:52:27 - INFO - Сервер выключается . . .
2026-05-14 21:52:28 - INFO - Сервер запускается . . .
2026-05-14 21:52:35 - INFO - Сервер выключается . . .
2026-05-14 21:52:36 - INFO - Сервер запускается . . .
2026-05-14 21:52:38 - INFO - Сервер выключается . . .
2026-05-14 21:55:43 - INFO - Сервер запускается . . .
2026-05-14 21:55:46 - INFO - Сервер выключается . . .
2026-05-14 21:55:47 - INFO - Сервер запускается . . .
2026-05-14 21:55:49 - INFO - Сервер выключается . . .
2026-05-14 21:55:50 - INFO - Сервер запускается . . .
2026-05-14 21:55:53 - INFO - Сервер выключается . . .
2026-05-14 21:55:54 - INFO - Сервер запускается . . .
2026-05-14 21:56:04 - INFO - Сервер выключается . . .
2026-05-14 21:56:09 - INFO - Сервер запускается . . .
2026-05-14 21:57:28 - INFO - Сервер выключается . . .
2026-05-14 21:57:44 - INFO - Сервер запускается . . .
2026-05-14 21:57:47 - INFO - Сервер выключается . . .
2026-05-14 21:57:48 - INFO - Сервер запускается . . .
2026-05-14 21:57:49 - INFO - Сервер выключается . . .
2026-05-14 21:57:50 - INFO - Сервер запускается . . .
2026-05-14 21:57:51 - INFO - Сервер выключается . . .
2026-05-14 21:57:52 - INFO - Сервер запускается . . .
2026-05-14 21:57:56 - INFO - Сервер выключается . . .
2026-05-14 21:57:57 - INFO - Сервер запускается . . .
2026-05-14 21:58:13 - INFO - Сервер выключается . . .
2026-05-14 21:58:19 - INFO - Сервер запускается . . .
2026-05-14 21:58:35 - INFO - Сервер выключается . . .
2026-05-14 21:58:35 - INFO - Сервер запускается . . .
2026-05-14 21:58:38 - INFO - Сервер выключается . . .
2026-05-14 21:58:39 - INFO - Сервер запускается . . .
2026-05-14 22:00:54 - INFO - GET /docs - начат
2026-05-14 22:00:54 - INFO - GET /docs - завершен за 0.0007 сек.
2026-05-14 22:00:54 - INFO - GET /openapi.json - начат
2026-05-14 22:00:54 - INFO - GET /openapi.json - завершен за 0.0229 сек.
